*****************************************************************
Pin Report - Date: Fri Apr 08 14:15:20 2016 Pinchecksum: NOT-AVAILABLE
Product: Designer
Release: v11.7
Version: 11.7.0.119
Design Name: TDR
Family: SmartFusion2
Die: M2S150
Package: 1152 FC
*****************************************************************

Port                     |Pin        |Fixed      |Function                               |Bank     |I/O Std   |Direction                      |I/O state in Flash*Freeze mode |Resistor Pull                      |I/O available in Flash*Freeze mode |Schmitt Trigger |Odt_Static    |Odt Imp (Ohm)  |Low Power Exit |Input Delay |Slew         |Pre-Emphasis      |Output Drive (mA) |Output Load (pF) |
-------------------------|-----------|-----------|---------------------------------------|---------|----------|-------------------------------|-------------------------------|-----------------------------------|-----------------------------------|----------------|--------------|---------------|---------------|------------|-------------|------------------|------------------|-----------------|
clk                       Unassigned  Unassigned  ---                                     ---       LVCMOS33   Input                           TRISTATE                        None                                No                                  Off              ---            ---             Off             Off          ---           ---                ---                ---               
dac_din_0                 AJ8         Yes         MSIOD280PB9                             Bank9     LVCMOS25   Output                          TRISTATE                        None                                No                                  ---              ---            ---             ---             ---          SLOW          ---                4                  5                 
dac_ldac_0                AK8         Yes         MSIOD280NB9                             Bank9     LVCMOS25   Output                          TRISTATE                        None                                No                                  ---              ---            ---             ---             ---          SLOW          ---                4                  5                 
dac_sclk_0                AJ10        Yes         MSIOD279PB9                             Bank9     LVCMOS25   Output                          TRISTATE                        None                                No                                  ---              ---            ---             ---             ---          SLOW          ---                4                  5                 
dac_sync_0                AK10        Yes         MSIOD279NB9                             Bank9     LVCMOS25   Output                          TRISTATE                        None                                No                                  ---              ---            ---             ---             ---          SLOW          ---                4                  5                 
hptdc_bunch_reset_0       R11         Yes         MSIO57NB4/SPI_1_SS3/GPIO_16_A           Bank4     LVTTL      Output                          TRISTATE                        None                                No                                  ---              ---            ---             ---             ---          ---           ---                4                  5                 
hptdc_bunch_reset_1       P9          Yes         MSIO58NB4/GPIO_30_A                     Bank4     LVTTL      Output                          TRISTATE                        None                                No                                  ---              ---            ---             ---             ---          ---           ---                4                  5                 
hptdc_bunch_reset_2       T11         Yes         MSIO50PB4/SPI_1_CLK                     Bank4     LVTTL      Output                          TRISTATE                        None                                No                                  ---              ---            ---             ---             ---          ---           ---                4                  5                 
hptdc_bunch_reset_3       T12         Yes         MSIO46NB4/SPI_0_SDI/GPIO_5_A/USB_DIR_A  Bank4     LVTTL      Output                          TRISTATE                        None                                No                                  ---              ---            ---             ---             ---          ---           ---                4                  5                 
hptdc_data_ready_0        K4          Yes         MSIO66PB3/USB_DATA6_D                   Bank3     LVTTL      Input                           TRISTATE                        None                                No                                  Off              ---            ---             Off             Off          ---           ---                ---                ---               
hptdc_data_ready_1        U10         Yes         MSIO42PB4/GB14/CCC_SE1_CLKI1            Bank4     LVTTL      Input                           TRISTATE                        None                                No                                  Off              ---            ---             Off             Off          ---           ---                ---                ---               
hptdc_data_ready_2        U6          Yes         MSIO33NB5                               Bank5     LVTTL      Input                           TRISTATE                        None                                No                                  Off              ---            ---             Off             Off          ---           ---                ---                ---               
hptdc_data_ready_3        R23         Yes         MSIO200PB17                             Bank17    LVTTL      Input                           TRISTATE                        None                                No                                  Off              ---            ---             Off             Off          ---           ---                ---                ---               
hptdc_encode_control_0    P12         Yes         MSIO64PB3/USB_DATA2_D                   Bank3     LVTTL      Output                          TRISTATE                        None                                No                                  ---              ---            ---             ---             ---          ---           ---                4                  5                 
hptdc_encode_control_1    P6          Yes         MSIO53PB4/SPI_1_SS6/GPIO_23_A           Bank4     LVTTL      Output                          TRISTATE                        None                                No                                  ---              ---            ---             ---             ---          ---           ---                4                  5                 
hptdc_encode_control_2    R2          Yes         MSIO32NB5/USB_DATA5_B                   Bank5     LVTTL      Output                          TRISTATE                        None                                No                                  ---              ---            ---             ---             ---          ---           ---                4                  5                 
hptdc_encode_control_3    N31         Yes         MSIO201NB17                             Bank17    LVTTL      Output                          TRISTATE                        None                                No                                  ---              ---            ---             ---             ---          ---           ---                4                  5                 
hptdc_event_reset_0       AA10        Yes         MSIO11NB6                               Bank6     LVTTL      Output                          TRISTATE                        None                                No                                  ---              ---            ---             ---             ---          ---           ---                4                  5                 
hptdc_event_reset_1       AC9         Yes         MSIO3PB6                                Bank6     LVTTL      Output                          TRISTATE                        None                                No                                  ---              ---            ---             ---             ---          ---           ---                4                  5                 
hptdc_event_reset_2       AB10        Yes         MSIO11PB6                               Bank6     LVTTL      Output                          TRISTATE                        None                                No                                  ---              ---            ---             ---             ---          ---           ---                4                  5                 
hptdc_event_reset_3       AA11        Yes         MSIO14NB6                               Bank6     LVTTL      Output                          TRISTATE                        None                                No                                  ---              ---            ---             ---             ---          ---           ---                4                  5                 
hptdc_get_data_0          J4          Yes         MSIO65NB3/USB_DATA5_D                   Bank3     LVTTL      Output                          TRISTATE                        None                                No                                  ---              ---            ---             ---             ---          ---           ---                4                  5                 
hptdc_get_data_1          J2          Yes         MSIO56NB4/SPI_1_SS1/GPIO_14_A           Bank4     LVTTL      Output                          TRISTATE                        None                                No                                  ---              ---            ---             ---             ---          ---           ---                4                  5                 
hptdc_get_data_2          U5          Yes         MSIO37PB5/GB9/CCC_SE0_CLKI0             Bank5     LVTTL      Output                          TRISTATE                        None                                No                                  ---              ---            ---             ---             ---          ---           ---                4                  5                 
hptdc_get_data_3          R24         Yes         MSIO200NB17                             Bank17    LVTTL      Output                          TRISTATE                        None                                No                                  ---              ---            ---             ---             ---          ---           ---                4                  5                 
hptdc_serial_bypass_in_0  AA8         Yes         MSIO13PB6                               Bank6     LVTTL      Output                          TRISTATE                        None                                No                                  ---              ---            ---             ---             ---          ---           ---                4                  5                 
hptdc_serial_bypass_in_1  AA12        Yes         MSIO14PB6                               Bank6     LVTTL      Output                          TRISTATE                        None                                No                                  ---              ---            ---             ---             ---          ---           ---                4                  5                 
hptdc_serial_bypass_in_2  AB8         Yes         MSIO8PB6                                Bank6     LVTTL      Output                          TRISTATE                        None                                No                                  ---              ---            ---             ---             ---          ---           ---                4                  5                 
hptdc_serial_bypass_in_3  AA9         Yes         MSIO13NB6                               Bank6     LVTTL      Output                          TRISTATE                        None                                No                                  ---              ---            ---             ---             ---          ---           ---                4                  5                 
hptdc_serial_in_0         D1          Yes         MSIO62NB3/USB_NXT_D                     Bank3     LVTTL      Output                          TRISTATE                        None                                No                                  ---              ---            ---             ---             ---          ---           ---                4                  5                 
hptdc_serial_in_1         L5          Yes         MSIO59NB4/GPIO_0_B                      Bank4     LVTTL      Output                          TRISTATE                        None                                No                                  ---              ---            ---             ---             ---          ---           ---                4                  5                 
hptdc_serial_in_2         V11         Yes         MSIO35NB5                               Bank5     LVTTL      Output                          TRISTATE                        None                                No                                  ---              ---            ---             ---             ---          ---           ---                4                  5                 
hptdc_serial_in_3         P28         Yes         MSIO198NB17                             Bank17    LVTTL      Output                          TRISTATE                        None                                No                                  ---              ---            ---             ---             ---          ---           ---                4                  5                 
hptdc_tck_0               AB1         Yes         MSIO16NB6                               Bank6     LVTTL      Output                          TRISTATE                        None                                No                                  ---              ---            ---             ---             ---          ---           ---                4                  5                 
hptdc_tck_1               AC5         Yes         MSIO6PB6                                Bank6     LVTTL      Output                          TRISTATE                        None                                No                                  ---              ---            ---             ---             ---          ---           ---                4                  5                 
hptdc_tck_2               AJ2         Yes         MSIO285PB8                              Bank8     LVTTL      Output                          TRISTATE                        None                                No                                  ---              ---            ---             ---             ---          ---           ---                4                  5                 
hptdc_tck_3               AJ3         Yes         MSIO282NB8                              Bank8     LVTTL      Output                          TRISTATE                        None                                No                                  ---              ---            ---             ---             ---          ---           ---                4                  5                 
hptdc_tdi_0               AJ6         Yes         MSIO281PB8/GB15/CCC_SE1_CLKI2           Bank8     LVTTL      Input                           TRISTATE                        None                                No                                  Off              ---            ---             Off             Off          ---           ---                ---                ---               
hptdc_tdo_0               AH6         Yes         MSIO283PB8                              Bank8     LVTTL      Output                          TRISTATE                        None                                No                                  ---              ---            ---             ---             ---          ---           ---                4                  5                 
hptdc_tdo_1               AE6         Yes         MSIO288PB8                              Bank8     LVTTL      Output                          TRISTATE                        None                                No                                  ---              ---            ---             ---             ---          ---           ---                4                  5                 
hptdc_tdo_2               AG6         Yes         MSIO286PB8                              Bank8     LVTTL      Output                          TRISTATE                        None                                No                                  ---              ---            ---             ---             ---          ---           ---                4                  5                 
hptdc_tdo_3               AD7         Yes         MSIO289NB8                              Bank8     LVTTL      Output                          TRISTATE                        None                                No                                  ---              ---            ---             ---             ---          ---           ---                4                  5                 
hptdc_tms_0               AJ5         Yes         MSIO281NB8                              Bank8     LVTTL      Output                          TRISTATE                        None                                No                                  ---              ---            ---             ---             ---          ---           ---                4                  5                 
hptdc_tms_1               AH3         Yes         MSIO285NB8                              Bank8     LVTTL      Output                          TRISTATE                        None                                No                                  ---              ---            ---             ---             ---          ---           ---                4                  5                 
hptdc_tms_2               AF5         Yes         MSIO288NB8                              Bank8     LVTTL      Output                          TRISTATE                        None                                No                                  ---              ---            ---             ---             ---          ---           ---                4                  5                 
hptdc_tms_3               AF7         Yes         MSIO284NB8                              Bank8     LVTTL      Output                          TRISTATE                        None                                No                                  ---              ---            ---             ---             ---          ---           ---                4                  5                 
hptdc_token_bypass_in_0   AD3         Yes         MSIO5PB6                                Bank6     LVTTL      Output                          TRISTATE                        None                                No                                  ---              ---            ---             ---             ---          ---           ---                4                  5                 
hptdc_token_bypass_in_1   AD4         Yes         MSIO4NB6                                Bank6     LVTTL      Output                          TRISTATE                        None                                No                                  ---              ---            ---             ---             ---          ---           ---                4                  5                 
hptdc_token_bypass_in_2   AC4         Yes         MSIO6NB6                                Bank6     LVTTL      Output                          TRISTATE                        None                                No                                  ---              ---            ---             ---             ---          ---           ---                4                  5                 
hptdc_token_bypass_in_3   AC3         Yes         MSIO10PB6                               Bank6     LVTTL      Output                          TRISTATE                        None                                No                                  ---              ---            ---             ---             ---          ---           ---                4                  5                 
hptdc_token_in_0          AB3         Yes         MSIO10NB6                               Bank6     LVTTL      Output                          TRISTATE                        None                                No                                  ---              ---            ---             ---             ---          ---           ---                4                  5                 
hptdc_token_in_1          AA4         Yes         MSIO12PB6                               Bank6     LVTTL      Output                          TRISTATE                        None                                No                                  ---              ---            ---             ---             ---          ---           ---                4                  5                 
hptdc_token_in_2          AA3         Yes         MSIO17PB6                               Bank6     LVTTL      Output                          TRISTATE                        None                                No                                  ---              ---            ---             ---             ---          ---           ---                4                  5                 
hptdc_token_in_3          AA2         Yes         MSIO17NB6                               Bank6     LVTTL      Output                          TRISTATE                        None                                No                                  ---              ---            ---             ---             ---          ---           ---                4                  5                 
hptdc_token_out_0         AC1         Yes         MSIO9NB6                                Bank6     LVTTL      Input                           TRISTATE                        None                                No                                  Off              ---            ---             Off             Off          ---           ---                ---                ---               
hptdc_token_out_1         AD1         Yes         MSIO9PB6                                Bank6     LVTTL      Input                           TRISTATE                        None                                No                                  Off              ---            ---             Off             Off          ---           ---                ---                ---               
hptdc_token_out_2         AD2         Yes         MSIO5NB6                                Bank6     LVTTL      Input                           TRISTATE                        None                                No                                  Off              ---            ---             Off             Off          ---           ---                ---                ---               
hptdc_token_out_3         AE4         Yes         MSIO4PB6                                Bank6     LVTTL      Input                           TRISTATE                        None                                No                                  Off              ---            ---             Off             Off          ---           ---                ---                ---               
hptdc_trigger_0           G2          Yes         MSIO69PB3/GPIO_7_B                      Bank3     LVTTL      Output                          TRISTATE                        None                                No                                  ---              ---            ---             ---             ---          ---           ---                4                  5                 
hptdc_trigger_1           M7          Yes         MSIO60NB4/GPIO_2_B                      Bank4     LVTTL      Output                          TRISTATE                        None                                No                                  ---              ---            ---             ---             ---          ---           ---                4                  5                 
hptdc_trigger_2           W11         Yes         MSIO28NB5/USB_DIR_B                     Bank5     LVTTL      Output                          TRISTATE                        None                                No                                  ---              ---            ---             ---             ---          ---           ---                4                  5                 
hptdc_trigger_3           P30         Yes         MSIO199NB17                             Bank17    LVTTL      Output                          TRISTATE                        None                                No                                  ---              ---            ---             ---             ---          ---           ---                4                  5                 
hptdc_trstn_0             AH5         Yes         MSIO283NB8                              Bank8     LVTTL      Output                          TRISTATE                        None                                No                                  ---              ---            ---             ---             ---          ---           ---                4                  5                 
hptdc_trstn_1             AG4         Yes         MSIO287NB8                              Bank8     LVTTL      Output                          TRISTATE                        None                                No                                  ---              ---            ---             ---             ---          ---           ---                4                  5                 
hptdc_trstn_2             AG3         Yes         MSIO287PB8                              Bank8     LVTTL      Output                          TRISTATE                        None                                No                                  ---              ---            ---             ---             ---          ---           ---                4                  5                 
hptdc_trstn_3             AG7         Yes         MSIO284PB8                              Bank8     LVTTL      Output                          TRISTATE                        None                                No                                  ---              ---            ---             ---             ---          ---           ---                4                  5                 
qusb_fd[0]                AF27        Yes         MSIOD257PB15                            Bank15    LVCMOS25   Inout                           TRISTATE                        None                                No                                  Off              ---            ---             Off             Off          SLOW          ---                4                  5                 
qusb_fd[1]                AE27        Yes         MSIOD257NB15                            Bank15    LVCMOS25   Inout                           TRISTATE                        None                                No                                  Off              ---            ---             Off             Off          SLOW          ---                4                  5                 
qusb_fd[2]                AD25        Yes         MSIOD261NB15                            Bank15    LVCMOS25   Inout                           TRISTATE                        None                                No                                  Off              ---            ---             Off             Off          SLOW          ---                4                  5                 
qusb_fd[3]                AC25        Yes         MSIOD253PB15                            Bank15    LVCMOS25   Inout                           TRISTATE                        None                                No                                  Off              ---            ---             Off             Off          SLOW          ---                4                  5                 
qusb_fd[4]                AD24        Yes         MSIOD261PB15                            Bank15    LVCMOS25   Inout                           TRISTATE                        None                                No                                  Off              ---            ---             Off             Off          SLOW          ---                4                  5                 
qusb_fd[5]                AC24        Yes         MSIOD258PB15                            Bank15    LVCMOS25   Inout                           TRISTATE                        None                                No                                  Off              ---            ---             Off             Off          SLOW          ---                4                  5                 
qusb_fd[6]                AC23        Yes         MSIOD258NB15                            Bank15    LVCMOS25   Inout                           TRISTATE                        None                                No                                  Off              ---            ---             Off             Off          SLOW          ---                4                  5                 
qusb_fd[7]                AB25        Yes         MSIOD246PB15                            Bank15    LVCMOS25   Inout                           TRISTATE                        None                                No                                  Off              ---            ---             Off             Off          SLOW          ---                4                  5                 
qusb_fd[8]                AD33        Yes         MSIOD239PB16                            Bank16    LVCMOS25   Inout                           TRISTATE                        None                                No                                  Off              ---            ---             Off             Off          SLOW          ---                4                  5                 
qusb_fd[9]                AC33        Yes         MSIOD233NB16                            Bank16    LVCMOS25   Inout                           TRISTATE                        None                                No                                  Off              ---            ---             Off             Off          SLOW          ---                4                  5                 
qusb_fd[10]               AA33        Yes         MSIOD225PB16                            Bank16    LVCMOS25   Inout                           TRISTATE                        None                                No                                  Off              ---            ---             Off             Off          SLOW          ---                4                  5                 
qusb_fd[11]               Y33         Yes         MSIOD224PB16                            Bank16    LVCMOS25   Inout                           TRISTATE                        None                                No                                  Off              ---            ---             Off             Off          SLOW          ---                4                  5                 
qusb_fd[12]               W33         Yes         MSIOD224NB16                            Bank16    LVCMOS25   Inout                           TRISTATE                        None                                No                                  Off              ---            ---             Off             Off          SLOW          ---                4                  5                 
qusb_fd[13]               V33         Yes         MSIOD218NB16                            Bank16    LVCMOS25   Inout                           TRISTATE                        None                                No                                  Off              ---            ---             Off             Off          SLOW          ---                4                  5                 
qusb_fd[14]               U34         Yes         MSIOD217PB16/GB5/CCC_SW1_CLKI1          Bank16    LVCMOS25   Inout                           TRISTATE                        None                                No                                  Off              ---            ---             Off             Off          SLOW          ---                4                  5                 
qusb_fd[15]               T34         Yes         MSIOD217NB16                            Bank16    LVCMOS25   Inout                           TRISTATE                        None                                No                                  Off              ---            ---             Off             Off          SLOW          ---                4                  5                 
qusb_ifclk                AB23        Yes         MSIOD251NB15                            Bank15    LVCMOS25   Output                          TRISTATE                        None                                No                                  ---              ---            ---             ---             ---          SLOW          ---                4                  5                 
qusb_ren                  V24         Yes         MSIOD220NB16                            Bank16    LVCMOS25   Input                           TRISTATE                        None                                No                                  Off              ---            ---             Off             Off          ---           ---                ---                ---               
qusb_wen                  AB29        Yes         MSIOD242PB16                            Bank16    LVCMOS25   Input                           TRISTATE                        None                                No                                  Off              ---            ---             Off             Off          ---           ---                ---                ---               
rst                       Unassigned  Unassigned  ---                                     ---       LVCMOS33   Input                           TRISTATE                        None                                No                                  Off              ---            ---             Off             Off          ---           ---                ---                ---               
