********************************************************************
I/O Bank Report - Date: Fri Mar 04 13:33:45 2016
Product: Designer
Release: v11.7
Version: 11.7.0.119
Design Name: TDR
Family: SmartFusion2
Die: M2S150
Package: 1152 FC
********************************************************************


I/O Function:

    Type                                  | w/o register  | w/ register  | w/ DDR register
    --------------------------------------|---------------|--------------|----------------
    Input I/O                             | 11            | 0            | 0
    Output I/O                            | 136           | 0            | 0
    Bidirectional I/O                     | 0             | 0            | 0
    Differential Input I/O Pairs          | 0             | 0            | 0
    Differential Output I/O Pairs         | 0             | 0            | 0

I/O Technology:

                                    |   Voltages    |             I/Os              
    --------------------------------|-------|-------|-------|--------|--------------
    I/O Standard(s)                 | Vddi  | Vref  | Input | Output | Bidirectional
    --------------------------------|-------|-------|-------|--------|--------------
    LVCMOS33                        | 3.30v | N/A   | 11    | 136    | 0            

I/O Bank Resource Usage:

          |   Voltages    | Single I/Os  | Diff I/O Pairs |        Vref I/Os        |  Type   
          |-------|-------|------|-------|-------|--------|------|-------|----------|---------
          | Vddi  | Vref  | Used | Total | Used  | Total  | Used | Total | Vref Pins|         
    ------|-------|-------|------|-------|-------|--------|------|-------|----------|---------
    Bank0 | N/A   | N/A   | 0    | 12    | 0     | 6      | N/A  | N/A   | N/A      | MSIO    
    Bank1 | N/A   | N/A   | 0    | 88    | 0     | 44     | N/A  | N/A   | N/A      | DDRIO   
    Bank2 | N/A   | N/A   | 0    | 88    | 0     | 44     | N/A  | N/A   | N/A      | DDRIO   
    Bank3 | N/A   | N/A   | 0    | 42    | 0     | 21     | N/A  | N/A   | N/A      | MSIO    
    Bank4 | N/A   | N/A   | 0    | 44    | 0     | 22     | N/A  | N/A   | N/A      | MSIO    
    Bank5 | N/A   | N/A   | 0    | 42    | 0     | 21     | N/A  | N/A   | N/A      | MSIO    
    Bank6 | N/A   | N/A   | 0    | 30    | 0     | 15     | N/A  | N/A   | N/A      | MSIO    
    Bank7 | N/A   | N/A   | 0    | 0     | 0     | 0      | N/A  | N/A   | N/A      | JTAG    
    Bank8 | N/A   | N/A   | 0    | 18    | 0     | 9      | N/A  | N/A   | N/A      | MSIO    
    Bank9 | N/A   | N/A   | 0    | 4     | 0     | 2      | N/A  | N/A   | N/A      | MSIOD   
    Bank10| N/A   | N/A   | 0    | 4     | 0     | 2      | N/A  | N/A   | N/A      | MSIOD   
    Bank11| N/A   | N/A   | 0    | 8     | 0     | 4      | N/A  | N/A   | N/A      | MSIO    
    Bank12| N/A   | N/A   | 0    | 4     | 0     | 2      | N/A  | N/A   | N/A      | MSIOD   
    Bank13| N/A   | N/A   | 0    | 4     | 0     | 2      | N/A  | N/A   | N/A      | MSIOD   
    Bank14| N/A   | N/A   | 0    | 14    | 0     | 7      | N/A  | N/A   | N/A      | MSIO    
    Bank15| N/A   | N/A   | 0    | 36    | 0     | 18     | N/A  | N/A   | N/A      | MSIOD   
    Bank16| N/A   | N/A   | 0    | 54    | 0     | 27     | N/A  | N/A   | N/A      | MSIOD   
    Bank17| N/A   | N/A   | 0    | 40    | 0     | 20     | N/A  | N/A   | N/A      | MSIO    
    Bank18| N/A   | N/A   | 0    | 42    | 0     | 21     | N/A  | N/A   | N/A      | MSIO    

I/O Voltage Usage:

       Voltages    |     I/Os     
    -------|-------|------|-------
     Vddi  | Vref  | Used | Total 
    -------|-------|------|-------
     3.30v | N/A   | 147* | 0     

