Compile Report
Microsemi Corporation - Microsemi Libero Software Release v11.7 (Version 11.7.0.119)
Date: Fri Apr 08 13:08:43 2016

Device Selection
+--------------------------------+----------------+
| Family                         | SmartFusion2   |
| Device                         | M2S150         |
| Package                        | 1152 FC        |
| Speed Grade                    | STD            |
| Temp                           | 0:25:85        |
| Voltage                        | 1.26:1.20:1.14 |
| Core Voltage                   | 1.2V           |
| Ramp Rate                      | 100ms Minimum  |
| System Controller Suspend Mode | No             |
| PLL Supply Voltage             | 2.5V           |
| Default I/O technology         | LVCMOS 3.3V    |
| Restrict Probe Pins            | Yes            |
| Restrict SPI Pins              | No             |
+--------------------------------+----------------+

Source Files
+---------+------------------------------------------------------------------------------------------+
| Topcell | TDR                                                                                      |
| Format  | EDIF                                                                                     |
| Source  | D:\DropAli\Dropbox\Documents\Projects\Firmware\Source\ctpps-usb\synthesis\TDR.edn        |
| Source  | D:\DropAli\Dropbox\Documents\Projects\Firmware\Source\ctpps-usb\constraint\io\TDR.io.pdc |
| Source  | D:\DropAli\Dropbox\Documents\Projects\Firmware\Source\ctpps-usb\constraint\fp\TDR.fp.pdc |
+---------+------------------------------------------------------------------------------------------+

Options
+---------------------------------------------------------+-------+
| Merge User SDC file(s) with Existing Timing Constraints | true  |
| Abort Compile if errors are found in PDC file(s)        | true  |
| Enable Single Event Transient mitigation                | false |
| Enable Design Separation Methodology                    | false |
| Limit the number of high fanout nets to display to      | 10    |
+---------------------------------------------------------+-------+

Resource Usage
+---------------------------+------+--------+------------+
| Type                      | Used | Total  | Percentage |
+---------------------------+------+--------+------------+
| 4LUT                      | 422  | 146124 | 0.29       |
| DFF                       | 240  | 146124 | 0.16       |
| I/O Register              | 0    | 1716   | 0.00       |
| User I/O                  | 86   | 572    | 15.03      |
| -- Single-ended I/O       | 86   | 572    | 15.03      |
| -- Differential I/O Pairs | 0    | 286    | 0.00       |
| RAM64x18                  | 0    | 240    | 0.00       |
| RAM1K18                   | 0    | 236    | 0.00       |
| MACC                      | 0    | 240    | 0.00       |
| Chip Globals              | 1    | 16     | 6.25       |
| CCC                       | 0    | 8      | 0.00       |
| RCOSC_25_50MHZ            | 0    | 1      | 0.00       |
| RCOSC_1MHZ                | 0    | 1      | 0.00       |
| XTLOSC                    | 0    | 1      | 0.00       |
| FDDR                      | 0    | 1      | 0.00       |
| MSS                       | 0    | 1      | 0.00       |
+---------------------------+------+--------+------------+

Detailed Logic Resource Usage
+--------------------------+------+-----+
| Type                     | 4LUT | DFF |
+--------------------------+------+-----+
| Fabric Logic             | 422  | 240 |
| RAM64x18 Interface Logic | 0    | 0   |
| RAM1K18 Interface Logic  | 0    | 0   |
| MACC Interface Logic     | 0    | 0   |
| Total Used               | 422  | 240 |
+--------------------------+------+-----+

Detailed Carry Chains Resource Usage
+--------+------+
| Length | Used |
| 8      | 1    |
| 11     | 1    |
| 16     | 1    |
| Total  | 3    |
+--------+------+

I/O Function
+-------------------------------+--------------+-------------+-----------------+
| Type                          | w/o register | w/ register | w/ DDR register |
+-------------------------------+--------------+-------------+-----------------+
| Input I/O                     | 13           | 0           | 0               |
| Output I/O                    | 57           | 0           | 0               |
| Bidirectional I/O             | 16           | 0           | 0               |
| Differential Input I/O Pairs  | 0            | 0           | 0               |
| Differential Output I/O Pairs | 0            | 0           | 0               |
+-------------------------------+--------------+-------------+-----------------+

I/O Technology
+--------------+--------+------+-------+--------+---------------+
| I/O Standard | Vddi   | Vref | Input | Output | Bidirectional |
+--------------+--------+------+-------+--------+---------------+
| LVTTL        |  3.30v |  N/A |  9    |  52    |  0            |
| LVCMOS33     |  3.30v |  N/A |  2    |  0     |  0            |
| LVCMOS25     |  2.50v |  N/A |  2    |  5     |  16           |
+--------------+--------+------+-------+--------+---------------+

I/O Placement
+----------+-------+------------+
| Type     | Count | Percentage |
+----------+-------+------------+
| Locked   |  85   | 98.84%     |
| Placed   |  0    | 0.00%      |
| UnPlaced |  1    | 1.16%      |
+----------+-------+------------+

Nets assigned to chip global resources
+--------+---------+----------------------------------+
| Fanout | Type    | Name                             |
+--------+---------+----------------------------------+
| 240    | INT_NET | Net   : clk_c                    |
|        |         | Driver: clk_ibuf_RNIVTI2/U0_RGB1 |
|        |         | Source: NETLIST                  |
+--------+---------+----------------------------------+

Nets assigned to row global resources
+--------+------+------+
| Fanout | Type | Name |
+--------+------+------+
+--------+------+------+

High fanout nets
+--------+---------+-------------------------------------------------------------+
| Fanout | Type    | Name                                                        |
+--------+---------+-------------------------------------------------------------+
| 129    | INT_NET | Net   : rst_c                                               |
|        |         | Driver: rst_ibuf                                            |
| 47     | INT_NET | Net   : qusb_fd_in[7]                                       |
|        |         | Driver: qusb_fd_iobuf[7]                                    |
| 34     | INT_NET | Net   : ControlDecoder_0/N_3907_i_0                         |
|        |         | Driver: ControlDecoder_0/un1_instruction_047_16_i_a2_4_0_o2 |
| 26     | INT_NET | Net   : qusb_fd_in[1]                                       |
|        |         | Driver: qusb_fd_iobuf[1]                                    |
| 26     | INT_NET | Net   : qusb_fd_in[2]                                       |
|        |         | Driver: qusb_fd_iobuf[2]                                    |
| 23     | INT_NET | Net   : DACController_0/dataready                           |
|        |         | Driver: DACController_0/dataready                           |
| 21     | INT_NET | Net   : qusb_fd_in[0]                                       |
|        |         | Driver: qusb_fd_iobuf[0]                                    |
| 16     | INT_NET | Net   : qusb_ren_c                                          |
|        |         | Driver: qusb_ren_ibuf                                       |
| 16     | INT_NET | Net   : DACController_0/un2_sclock_counter_i_0_i            |
|        |         | Driver: DACController_0/un2_sclock_counterlto14_0_RNIHEEA   |
| 15     | INT_NET | Net   : qusb_fd_in[3]                                       |
|        |         | Driver: qusb_fd_iobuf[3]                                    |
+--------+---------+-------------------------------------------------------------+

High fanout nets (through buffer trees)
+--------+---------+-------------------------------------------------------------+
| Fanout | Type    | Name                                                        |
+--------+---------+-------------------------------------------------------------+
| 129    | INT_NET | Net   : rst_c                                               |
|        |         | Driver: rst_ibuf                                            |
| 47     | INT_NET | Net   : qusb_fd_in[7]                                       |
|        |         | Driver: qusb_fd_iobuf[7]                                    |
| 34     | INT_NET | Net   : ControlDecoder_0/N_3907_i_0                         |
|        |         | Driver: ControlDecoder_0/un1_instruction_047_16_i_a2_4_0_o2 |
| 26     | INT_NET | Net   : qusb_fd_in[1]                                       |
|        |         | Driver: qusb_fd_iobuf[1]                                    |
| 26     | INT_NET | Net   : qusb_fd_in[2]                                       |
|        |         | Driver: qusb_fd_iobuf[2]                                    |
| 23     | INT_NET | Net   : DACController_0/dataready                           |
|        |         | Driver: DACController_0/dataready                           |
| 21     | INT_NET | Net   : qusb_fd_in[0]                                       |
|        |         | Driver: qusb_fd_iobuf[0]                                    |
| 16     | INT_NET | Net   : qusb_ren_c                                          |
|        |         | Driver: qusb_ren_ibuf                                       |
| 16     | INT_NET | Net   : DACController_0/un2_sclock_counter_i_0_i            |
|        |         | Driver: DACController_0/un2_sclock_counterlto14_0_RNIHEEA   |
| 15     | INT_NET | Net   : qusb_fd_in[3]                                       |
|        |         | Driver: qusb_fd_iobuf[3]                                    |
+--------+---------+-------------------------------------------------------------+

