*****************************************************************
Pin Report - Date: Fri Mar 04 13:33:45 2016 Pinchecksum: NOT-AVAILABLE
Product: Designer
Release: v11.7
Version: 11.7.0.119
Design Name: TDR
Family: SmartFusion2
Die: M2S150
Package: 1152 FC
*****************************************************************

Port                     |Pin        |Fixed      |Function |Bank     |I/O Std   |Direction                      |I/O state in Flash*Freeze mode |Resistor Pull                      |I/O available in Flash*Freeze mode |Schmitt Trigger |Odt_Static    |Odt Imp (Ohm)  |Low Power Exit |Input Delay |Slew         |Pre-Emphasis      |Output Drive (mA) |Output Load (pF) |
-------------------------|-----------|-----------|---------|---------|----------|-------------------------------|-------------------------------|-----------------------------------|-----------------------------------|----------------|--------------|---------------|---------------|------------|-------------|------------------|------------------|-----------------|
ccu25_data_0[0]           Unassigned  Unassigned  ---       ---       LVCMOS33   Output                          TRISTATE                        None                                No                                  ---              ---            ---             ---             ---          ---           ---                4                  5                 
ccu25_data_0[1]           Unassigned  Unassigned  ---       ---       LVCMOS33   Output                          TRISTATE                        None                                No                                  ---              ---            ---             ---             ---          ---           ---                4                  5                 
ccu25_data_0[2]           Unassigned  Unassigned  ---       ---       LVCMOS33   Output                          TRISTATE                        None                                No                                  ---              ---            ---             ---             ---          ---           ---                4                  5                 
ccu25_data_0[3]           Unassigned  Unassigned  ---       ---       LVCMOS33   Output                          TRISTATE                        None                                No                                  ---              ---            ---             ---             ---          ---           ---                4                  5                 
ccu25_data_0[4]           Unassigned  Unassigned  ---       ---       LVCMOS33   Output                          TRISTATE                        None                                No                                  ---              ---            ---             ---             ---          ---           ---                4                  5                 
ccu25_data_0[5]           Unassigned  Unassigned  ---       ---       LVCMOS33   Output                          TRISTATE                        None                                No                                  ---              ---            ---             ---             ---          ---           ---                4                  5                 
ccu25_data_0[6]           Unassigned  Unassigned  ---       ---       LVCMOS33   Output                          TRISTATE                        None                                No                                  ---              ---            ---             ---             ---          ---           ---                4                  5                 
ccu25_data_0[7]           Unassigned  Unassigned  ---       ---       LVCMOS33   Output                          TRISTATE                        None                                No                                  ---              ---            ---             ---             ---          ---           ---                4                  5                 
ccu25_data_1[0]           Unassigned  Unassigned  ---       ---       LVCMOS33   Output                          TRISTATE                        None                                No                                  ---              ---            ---             ---             ---          ---           ---                4                  5                 
ccu25_data_1[1]           Unassigned  Unassigned  ---       ---       LVCMOS33   Output                          TRISTATE                        None                                No                                  ---              ---            ---             ---             ---          ---           ---                4                  5                 
ccu25_data_1[2]           Unassigned  Unassigned  ---       ---       LVCMOS33   Output                          TRISTATE                        None                                No                                  ---              ---            ---             ---             ---          ---           ---                4                  5                 
ccu25_data_1[3]           Unassigned  Unassigned  ---       ---       LVCMOS33   Output                          TRISTATE                        None                                No                                  ---              ---            ---             ---             ---          ---           ---                4                  5                 
ccu25_data_1[4]           Unassigned  Unassigned  ---       ---       LVCMOS33   Output                          TRISTATE                        None                                No                                  ---              ---            ---             ---             ---          ---           ---                4                  5                 
ccu25_data_1[5]           Unassigned  Unassigned  ---       ---       LVCMOS33   Output                          TRISTATE                        None                                No                                  ---              ---            ---             ---             ---          ---           ---                4                  5                 
ccu25_data_1[6]           Unassigned  Unassigned  ---       ---       LVCMOS33   Output                          TRISTATE                        None                                No                                  ---              ---            ---             ---             ---          ---           ---                4                  5                 
ccu25_data_1[7]           Unassigned  Unassigned  ---       ---       LVCMOS33   Output                          TRISTATE                        None                                No                                  ---              ---            ---             ---             ---          ---           ---                4                  5                 
ccu25_data_2[0]           Unassigned  Unassigned  ---       ---       LVCMOS33   Output                          TRISTATE                        None                                No                                  ---              ---            ---             ---             ---          ---           ---                4                  5                 
ccu25_data_2[1]           Unassigned  Unassigned  ---       ---       LVCMOS33   Output                          TRISTATE                        None                                No                                  ---              ---            ---             ---             ---          ---           ---                4                  5                 
ccu25_data_2[2]           Unassigned  Unassigned  ---       ---       LVCMOS33   Output                          TRISTATE                        None                                No                                  ---              ---            ---             ---             ---          ---           ---                4                  5                 
ccu25_data_2[3]           Unassigned  Unassigned  ---       ---       LVCMOS33   Output                          TRISTATE                        None                                No                                  ---              ---            ---             ---             ---          ---           ---                4                  5                 
ccu25_data_2[4]           Unassigned  Unassigned  ---       ---       LVCMOS33   Output                          TRISTATE                        None                                No                                  ---              ---            ---             ---             ---          ---           ---                4                  5                 
ccu25_data_2[5]           Unassigned  Unassigned  ---       ---       LVCMOS33   Output                          TRISTATE                        None                                No                                  ---              ---            ---             ---             ---          ---           ---                4                  5                 
ccu25_data_2[6]           Unassigned  Unassigned  ---       ---       LVCMOS33   Output                          TRISTATE                        None                                No                                  ---              ---            ---             ---             ---          ---           ---                4                  5                 
ccu25_data_2[7]           Unassigned  Unassigned  ---       ---       LVCMOS33   Output                          TRISTATE                        None                                No                                  ---              ---            ---             ---             ---          ---           ---                4                  5                 
ccu25_data_3[0]           Unassigned  Unassigned  ---       ---       LVCMOS33   Output                          TRISTATE                        None                                No                                  ---              ---            ---             ---             ---          ---           ---                4                  5                 
ccu25_data_3[1]           Unassigned  Unassigned  ---       ---       LVCMOS33   Output                          TRISTATE                        None                                No                                  ---              ---            ---             ---             ---          ---           ---                4                  5                 
ccu25_data_3[2]           Unassigned  Unassigned  ---       ---       LVCMOS33   Output                          TRISTATE                        None                                No                                  ---              ---            ---             ---             ---          ---           ---                4                  5                 
ccu25_data_3[3]           Unassigned  Unassigned  ---       ---       LVCMOS33   Output                          TRISTATE                        None                                No                                  ---              ---            ---             ---             ---          ---           ---                4                  5                 
ccu25_data_3[4]           Unassigned  Unassigned  ---       ---       LVCMOS33   Output                          TRISTATE                        None                                No                                  ---              ---            ---             ---             ---          ---           ---                4                  5                 
ccu25_data_3[5]           Unassigned  Unassigned  ---       ---       LVCMOS33   Output                          TRISTATE                        None                                No                                  ---              ---            ---             ---             ---          ---           ---                4                  5                 
ccu25_data_3[6]           Unassigned  Unassigned  ---       ---       LVCMOS33   Output                          TRISTATE                        None                                No                                  ---              ---            ---             ---             ---          ---           ---                4                  5                 
ccu25_data_3[7]           Unassigned  Unassigned  ---       ---       LVCMOS33   Output                          TRISTATE                        None                                No                                  ---              ---            ---             ---             ---          ---           ---                4                  5                 
ccu25_strobe_out_0        Unassigned  Unassigned  ---       ---       LVCMOS33   Output                          TRISTATE                        None                                No                                  ---              ---            ---             ---             ---          ---           ---                4                  5                 
ccu25_strobe_out_1        Unassigned  Unassigned  ---       ---       LVCMOS33   Output                          TRISTATE                        None                                No                                  ---              ---            ---             ---             ---          ---           ---                4                  5                 
ccu25_strobe_out_2        Unassigned  Unassigned  ---       ---       LVCMOS33   Output                          TRISTATE                        None                                No                                  ---              ---            ---             ---             ---          ---           ---                4                  5                 
ccu25_strobe_out_3        Unassigned  Unassigned  ---       ---       LVCMOS33   Output                          TRISTATE                        None                                No                                  ---              ---            ---             ---             ---          ---           ---                4                  5                 
clk                       Unassigned  Unassigned  ---       ---       LVCMOS33   Input                           TRISTATE                        None                                No                                  Off              ---            ---             Off             Off          ---           ---                ---                ---               
CLK0_PAD                  Unassigned  Unassigned  ---       ---       LVCMOS33   Input                           TRISTATE                        None                                No                                  Off              ---            ---             Off             Off          ---           ---                ---                ---               
dac_din_0                 Unassigned  Unassigned  ---       ---       LVCMOS33   Output                          TRISTATE                        None                                No                                  ---              ---            ---             ---             ---          ---           ---                4                  5                 
dac_din_1                 Unassigned  Unassigned  ---       ---       LVCMOS33   Output                          TRISTATE                        None                                No                                  ---              ---            ---             ---             ---          ---           ---                4                  5                 
dac_din_2                 Unassigned  Unassigned  ---       ---       LVCMOS33   Output                          TRISTATE                        None                                No                                  ---              ---            ---             ---             ---          ---           ---                4                  5                 
dac_din_3                 Unassigned  Unassigned  ---       ---       LVCMOS33   Output                          TRISTATE                        None                                No                                  ---              ---            ---             ---             ---          ---           ---                4                  5                 
dac_ldac_0                Unassigned  Unassigned  ---       ---       LVCMOS33   Output                          TRISTATE                        None                                No                                  ---              ---            ---             ---             ---          ---           ---                4                  5                 
dac_ldac_1                Unassigned  Unassigned  ---       ---       LVCMOS33   Output                          TRISTATE                        None                                No                                  ---              ---            ---             ---             ---          ---           ---                4                  5                 
dac_ldac_2                Unassigned  Unassigned  ---       ---       LVCMOS33   Output                          TRISTATE                        None                                No                                  ---              ---            ---             ---             ---          ---           ---                4                  5                 
dac_ldac_3                Unassigned  Unassigned  ---       ---       LVCMOS33   Output                          TRISTATE                        None                                No                                  ---              ---            ---             ---             ---          ---           ---                4                  5                 
dac_sclk_0                Unassigned  Unassigned  ---       ---       LVCMOS33   Output                          TRISTATE                        None                                No                                  ---              ---            ---             ---             ---          ---           ---                4                  5                 
dac_sclk_1                Unassigned  Unassigned  ---       ---       LVCMOS33   Output                          TRISTATE                        None                                No                                  ---              ---            ---             ---             ---          ---           ---                4                  5                 
dac_sclk_2                Unassigned  Unassigned  ---       ---       LVCMOS33   Output                          TRISTATE                        None                                No                                  ---              ---            ---             ---             ---          ---           ---                4                  5                 
dac_sclk_3                Unassigned  Unassigned  ---       ---       LVCMOS33   Output                          TRISTATE                        None                                No                                  ---              ---            ---             ---             ---          ---           ---                4                  5                 
dac_sync_0                Unassigned  Unassigned  ---       ---       LVCMOS33   Output                          TRISTATE                        None                                No                                  ---              ---            ---             ---             ---          ---           ---                4                  5                 
dac_sync_1                Unassigned  Unassigned  ---       ---       LVCMOS33   Output                          TRISTATE                        None                                No                                  ---              ---            ---             ---             ---          ---           ---                4                  5                 
dac_sync_2                Unassigned  Unassigned  ---       ---       LVCMOS33   Output                          TRISTATE                        None                                No                                  ---              ---            ---             ---             ---          ---           ---                4                  5                 
dac_sync_3                Unassigned  Unassigned  ---       ---       LVCMOS33   Output                          TRISTATE                        None                                No                                  ---              ---            ---             ---             ---          ---           ---                4                  5                 
DEVRST_N                  AE5         Fixed       DEVRST_N  ---       
DIN_0                     Unassigned  Unassigned  ---       ---       LVCMOS33   Output                          TRISTATE                        None                                No                                  ---              ---            ---             ---             ---          ---           ---                4                  5                 
DIN_1                     Unassigned  Unassigned  ---       ---       LVCMOS33   Output                          TRISTATE                        None                                No                                  ---              ---            ---             ---             ---          ---           ---                4                  5                 
DIN_2                     Unassigned  Unassigned  ---       ---       LVCMOS33   Output                          TRISTATE                        None                                No                                  ---              ---            ---             ---             ---          ---           ---                4                  5                 
DIN_3                     Unassigned  Unassigned  ---       ---       LVCMOS33   Output                          TRISTATE                        None                                No                                  ---              ---            ---             ---             ---          ---           ---                4                  5                 
hptdc_bunch_reset_0       Unassigned  Unassigned  ---       ---       LVCMOS33   Output                          TRISTATE                        None                                No                                  ---              ---            ---             ---             ---          ---           ---                4                  5                 
hptdc_bunch_reset_1       Unassigned  Unassigned  ---       ---       LVCMOS33   Output                          TRISTATE                        None                                No                                  ---              ---            ---             ---             ---          ---           ---                4                  5                 
hptdc_bunch_reset_2       Unassigned  Unassigned  ---       ---       LVCMOS33   Output                          TRISTATE                        None                                No                                  ---              ---            ---             ---             ---          ---           ---                4                  5                 
hptdc_bunch_reset_3       Unassigned  Unassigned  ---       ---       LVCMOS33   Output                          TRISTATE                        None                                No                                  ---              ---            ---             ---             ---          ---           ---                4                  5                 
hptdc_data_ready_0        Unassigned  Unassigned  ---       ---       LVCMOS33   Input                           TRISTATE                        None                                No                                  Off              ---            ---             Off             Off          ---           ---                ---                ---               
hptdc_data_ready_1        Unassigned  Unassigned  ---       ---       LVCMOS33   Input                           TRISTATE                        None                                No                                  Off              ---            ---             Off             Off          ---           ---                ---                ---               
hptdc_data_ready_2        Unassigned  Unassigned  ---       ---       LVCMOS33   Input                           TRISTATE                        None                                No                                  Off              ---            ---             Off             Off          ---           ---                ---                ---               
hptdc_data_ready_3        Unassigned  Unassigned  ---       ---       LVCMOS33   Input                           TRISTATE                        None                                No                                  Off              ---            ---             Off             Off          ---           ---                ---                ---               
hptdc_encode_control_0    Unassigned  Unassigned  ---       ---       LVCMOS33   Output                          TRISTATE                        None                                No                                  ---              ---            ---             ---             ---          ---           ---                4                  5                 
hptdc_encode_control_1    Unassigned  Unassigned  ---       ---       LVCMOS33   Output                          TRISTATE                        None                                No                                  ---              ---            ---             ---             ---          ---           ---                4                  5                 
hptdc_encode_control_2    Unassigned  Unassigned  ---       ---       LVCMOS33   Output                          TRISTATE                        None                                No                                  ---              ---            ---             ---             ---          ---           ---                4                  5                 
hptdc_encode_control_3    Unassigned  Unassigned  ---       ---       LVCMOS33   Output                          TRISTATE                        None                                No                                  ---              ---            ---             ---             ---          ---           ---                4                  5                 
hptdc_event_reset_0       Unassigned  Unassigned  ---       ---       LVCMOS33   Output                          TRISTATE                        None                                No                                  ---              ---            ---             ---             ---          ---           ---                4                  5                 
hptdc_event_reset_1       Unassigned  Unassigned  ---       ---       LVCMOS33   Output                          TRISTATE                        None                                No                                  ---              ---            ---             ---             ---          ---           ---                4                  5                 
hptdc_event_reset_2       Unassigned  Unassigned  ---       ---       LVCMOS33   Output                          TRISTATE                        None                                No                                  ---              ---            ---             ---             ---          ---           ---                4                  5                 
hptdc_event_reset_3       Unassigned  Unassigned  ---       ---       LVCMOS33   Output                          TRISTATE                        None                                No                                  ---              ---            ---             ---             ---          ---           ---                4                  5                 
hptdc_get_data_0          Unassigned  Unassigned  ---       ---       LVCMOS33   Output                          TRISTATE                        None                                No                                  ---              ---            ---             ---             ---          ---           ---                4                  5                 
hptdc_get_data_1          Unassigned  Unassigned  ---       ---       LVCMOS33   Output                          TRISTATE                        None                                No                                  ---              ---            ---             ---             ---          ---           ---                4                  5                 
hptdc_get_data_2          Unassigned  Unassigned  ---       ---       LVCMOS33   Output                          TRISTATE                        None                                No                                  ---              ---            ---             ---             ---          ---           ---                4                  5                 
hptdc_get_data_3          Unassigned  Unassigned  ---       ---       LVCMOS33   Output                          TRISTATE                        None                                No                                  ---              ---            ---             ---             ---          ---           ---                4                  5                 
hptdc_serial_bypass_in_0  Unassigned  Unassigned  ---       ---       LVCMOS33   Output                          TRISTATE                        None                                No                                  ---              ---            ---             ---             ---          ---           ---                4                  5                 
hptdc_serial_bypass_in_1  Unassigned  Unassigned  ---       ---       LVCMOS33   Output                          TRISTATE                        None                                No                                  ---              ---            ---             ---             ---          ---           ---                4                  5                 
hptdc_serial_bypass_in_2  Unassigned  Unassigned  ---       ---       LVCMOS33   Output                          TRISTATE                        None                                No                                  ---              ---            ---             ---             ---          ---           ---                4                  5                 
hptdc_serial_bypass_in_3  Unassigned  Unassigned  ---       ---       LVCMOS33   Output                          TRISTATE                        None                                No                                  ---              ---            ---             ---             ---          ---           ---                4                  5                 
hptdc_serial_in_0         Unassigned  Unassigned  ---       ---       LVCMOS33   Output                          TRISTATE                        None                                No                                  ---              ---            ---             ---             ---          ---           ---                4                  5                 
hptdc_serial_in_1         Unassigned  Unassigned  ---       ---       LVCMOS33   Output                          TRISTATE                        None                                No                                  ---              ---            ---             ---             ---          ---           ---                4                  5                 
hptdc_serial_in_2         Unassigned  Unassigned  ---       ---       LVCMOS33   Output                          TRISTATE                        None                                No                                  ---              ---            ---             ---             ---          ---           ---                4                  5                 
hptdc_serial_in_3         Unassigned  Unassigned  ---       ---       LVCMOS33   Output                          TRISTATE                        None                                No                                  ---              ---            ---             ---             ---          ---           ---                4                  5                 
hptdc_tck_0               Unassigned  Unassigned  ---       ---       LVCMOS33   Output                          TRISTATE                        None                                No                                  ---              ---            ---             ---             ---          ---           ---                4                  5                 
hptdc_tck_1               Unassigned  Unassigned  ---       ---       LVCMOS33   Output                          TRISTATE                        None                                No                                  ---              ---            ---             ---             ---          ---           ---                4                  5                 
hptdc_tck_2               Unassigned  Unassigned  ---       ---       LVCMOS33   Output                          TRISTATE                        None                                No                                  ---              ---            ---             ---             ---          ---           ---                4                  5                 
hptdc_tck_3               Unassigned  Unassigned  ---       ---       LVCMOS33   Output                          TRISTATE                        None                                No                                  ---              ---            ---             ---             ---          ---           ---                4                  5                 
hptdc_tdo_0               Unassigned  Unassigned  ---       ---       LVCMOS33   Output                          TRISTATE                        None                                No                                  ---              ---            ---             ---             ---          ---           ---                4                  5                 
hptdc_tdo_1               Unassigned  Unassigned  ---       ---       LVCMOS33   Output                          TRISTATE                        None                                No                                  ---              ---            ---             ---             ---          ---           ---                4                  5                 
hptdc_tdo_2               Unassigned  Unassigned  ---       ---       LVCMOS33   Output                          TRISTATE                        None                                No                                  ---              ---            ---             ---             ---          ---           ---                4                  5                 
hptdc_tdo_3               Unassigned  Unassigned  ---       ---       LVCMOS33   Output                          TRISTATE                        None                                No                                  ---              ---            ---             ---             ---          ---           ---                4                  5                 
hptdc_tms_0               Unassigned  Unassigned  ---       ---       LVCMOS33   Output                          TRISTATE                        None                                No                                  ---              ---            ---             ---             ---          ---           ---                4                  5                 
hptdc_tms_1               Unassigned  Unassigned  ---       ---       LVCMOS33   Output                          TRISTATE                        None                                No                                  ---              ---            ---             ---             ---          ---           ---                4                  5                 
hptdc_tms_2               Unassigned  Unassigned  ---       ---       LVCMOS33   Output                          TRISTATE                        None                                No                                  ---              ---            ---             ---             ---          ---           ---                4                  5                 
hptdc_tms_3               Unassigned  Unassigned  ---       ---       LVCMOS33   Output                          TRISTATE                        None                                No                                  ---              ---            ---             ---             ---          ---           ---                4                  5                 
hptdc_token_bypass_in_0   Unassigned  Unassigned  ---       ---       LVCMOS33   Output                          TRISTATE                        None                                No                                  ---              ---            ---             ---             ---          ---           ---                4                  5                 
hptdc_token_bypass_in_1   Unassigned  Unassigned  ---       ---       LVCMOS33   Output                          TRISTATE                        None                                No                                  ---              ---            ---             ---             ---          ---           ---                4                  5                 
hptdc_token_bypass_in_2   Unassigned  Unassigned  ---       ---       LVCMOS33   Output                          TRISTATE                        None                                No                                  ---              ---            ---             ---             ---          ---           ---                4                  5                 
hptdc_token_bypass_in_3   Unassigned  Unassigned  ---       ---       LVCMOS33   Output                          TRISTATE                        None                                No                                  ---              ---            ---             ---             ---          ---           ---                4                  5                 
hptdc_token_in_0          Unassigned  Unassigned  ---       ---       LVCMOS33   Output                          TRISTATE                        None                                No                                  ---              ---            ---             ---             ---          ---           ---                4                  5                 
hptdc_token_in_1          Unassigned  Unassigned  ---       ---       LVCMOS33   Output                          TRISTATE                        None                                No                                  ---              ---            ---             ---             ---          ---           ---                4                  5                 
hptdc_token_in_2          Unassigned  Unassigned  ---       ---       LVCMOS33   Output                          TRISTATE                        None                                No                                  ---              ---            ---             ---             ---          ---           ---                4                  5                 
hptdc_token_in_3          Unassigned  Unassigned  ---       ---       LVCMOS33   Output                          TRISTATE                        None                                No                                  ---              ---            ---             ---             ---          ---           ---                4                  5                 
hptdc_token_out_0         Unassigned  Unassigned  ---       ---       LVCMOS33   Input                           TRISTATE                        None                                No                                  Off              ---            ---             Off             Off          ---           ---                ---                ---               
hptdc_token_out_1         Unassigned  Unassigned  ---       ---       LVCMOS33   Input                           TRISTATE                        None                                No                                  Off              ---            ---             Off             Off          ---           ---                ---                ---               
hptdc_token_out_2         Unassigned  Unassigned  ---       ---       LVCMOS33   Input                           TRISTATE                        None                                No                                  Off              ---            ---             Off             Off          ---           ---                ---                ---               
hptdc_token_out_3         Unassigned  Unassigned  ---       ---       LVCMOS33   Input                           TRISTATE                        None                                No                                  Off              ---            ---             Off             Off          ---           ---                ---                ---               
hptdc_trigger_0           Unassigned  Unassigned  ---       ---       LVCMOS33   Output                          TRISTATE                        None                                No                                  ---              ---            ---             ---             ---          ---           ---                4                  5                 
hptdc_trigger_1           Unassigned  Unassigned  ---       ---       LVCMOS33   Output                          TRISTATE                        None                                No                                  ---              ---            ---             ---             ---          ---           ---                4                  5                 
hptdc_trigger_2           Unassigned  Unassigned  ---       ---       LVCMOS33   Output                          TRISTATE                        None                                No                                  ---              ---            ---             ---             ---          ---           ---                4                  5                 
hptdc_trigger_3           Unassigned  Unassigned  ---       ---       LVCMOS33   Output                          TRISTATE                        None                                No                                  ---              ---            ---             ---             ---          ---           ---                4                  5                 
hptdc_trstn_0             Unassigned  Unassigned  ---       ---       LVCMOS33   Output                          TRISTATE                        None                                No                                  ---              ---            ---             ---             ---          ---           ---                4                  5                 
hptdc_trstn_1             Unassigned  Unassigned  ---       ---       LVCMOS33   Output                          TRISTATE                        None                                No                                  ---              ---            ---             ---             ---          ---           ---                4                  5                 
hptdc_trstn_2             Unassigned  Unassigned  ---       ---       LVCMOS33   Output                          TRISTATE                        None                                No                                  ---              ---            ---             ---             ---          ---           ---                4                  5                 
hptdc_trstn_3             Unassigned  Unassigned  ---       ---       LVCMOS33   Output                          TRISTATE                        None                                No                                  ---              ---            ---             ---             ---          ---           ---                4                  5                 
LDAC_bar_0                Unassigned  Unassigned  ---       ---       LVCMOS33   Output                          TRISTATE                        None                                No                                  ---              ---            ---             ---             ---          ---           ---                4                  5                 
LDAC_bar_4                Unassigned  Unassigned  ---       ---       LVCMOS33   Output                          TRISTATE                        None                                No                                  ---              ---            ---             ---             ---          ---           ---                4                  5                 
LDAC_bar_5                Unassigned  Unassigned  ---       ---       LVCMOS33   Output                          TRISTATE                        None                                No                                  ---              ---            ---             ---             ---          ---           ---                4                  5                 
LDAC_bar_6                Unassigned  Unassigned  ---       ---       LVCMOS33   Output                          TRISTATE                        None                                No                                  ---              ---            ---             ---             ---          ---           ---                4                  5                 
pbpd[0]                   Unassigned  Unassigned  ---       ---       LVCMOS33   Output                          TRISTATE                        None                                No                                  ---              ---            ---             ---             ---          ---           ---                4                  5                 
pbpd[1]                   Unassigned  Unassigned  ---       ---       LVCMOS33   Output                          TRISTATE                        None                                No                                  ---              ---            ---             ---             ---          ---           ---                4                  5                 
pbpd[2]                   Unassigned  Unassigned  ---       ---       LVCMOS33   Output                          TRISTATE                        None                                No                                  ---              ---            ---             ---             ---          ---           ---                4                  5                 
pbpd[3]                   Unassigned  Unassigned  ---       ---       LVCMOS33   Output                          TRISTATE                        None                                No                                  ---              ---            ---             ---             ---          ---           ---                4                  5                 
pbpd[4]                   Unassigned  Unassigned  ---       ---       LVCMOS33   Output                          TRISTATE                        None                                No                                  ---              ---            ---             ---             ---          ---           ---                4                  5                 
pbpd[5]                   Unassigned  Unassigned  ---       ---       LVCMOS33   Output                          TRISTATE                        None                                No                                  ---              ---            ---             ---             ---          ---           ---                4                  5                 
pbpd[6]                   Unassigned  Unassigned  ---       ---       LVCMOS33   Output                          TRISTATE                        None                                No                                  ---              ---            ---             ---             ---          ---           ---                4                  5                 
pbpd[7]                   Unassigned  Unassigned  ---       ---       LVCMOS33   Output                          TRISTATE                        None                                No                                  ---              ---            ---             ---             ---          ---           ---                4                  5                 
poh_clk_0                 Unassigned  Unassigned  ---       ---       LVCMOS33   Output                          TRISTATE                        None                                No                                  ---              ---            ---             ---             ---          ---           ---                4                  5                 
poh_clk_1                 Unassigned  Unassigned  ---       ---       LVCMOS33   Output                          TRISTATE                        None                                No                                  ---              ---            ---             ---             ---          ---           ---                4                  5                 
poh_clk_2                 Unassigned  Unassigned  ---       ---       LVCMOS33   Output                          TRISTATE                        None                                No                                  ---              ---            ---             ---             ---          ---           ---                4                  5                 
poh_clk_3                 Unassigned  Unassigned  ---       ---       LVCMOS33   Output                          TRISTATE                        None                                No                                  ---              ---            ---             ---             ---          ---           ---                4                  5                 
poh_data_0                Unassigned  Unassigned  ---       ---       LVCMOS33   Output                          TRISTATE                        None                                No                                  ---              ---            ---             ---             ---          ---           ---                4                  5                 
poh_data_1                Unassigned  Unassigned  ---       ---       LVCMOS33   Output                          TRISTATE                        None                                No                                  ---              ---            ---             ---             ---          ---           ---                4                  5                 
poh_data_2                Unassigned  Unassigned  ---       ---       LVCMOS33   Output                          TRISTATE                        None                                No                                  ---              ---            ---             ---             ---          ---           ---                4                  5                 
poh_data_3                Unassigned  Unassigned  ---       ---       LVCMOS33   Output                          TRISTATE                        None                                No                                  ---              ---            ---             ---             ---          ---           ---                4                  5                 
ren                       Unassigned  Unassigned  ---       ---       LVCMOS33   Input                           TRISTATE                        None                                No                                  Off              ---            ---             Off             Off          ---           ---                ---                ---               
SClock_0                  Unassigned  Unassigned  ---       ---       LVCMOS33   Output                          TRISTATE                        None                                No                                  ---              ---            ---             ---             ---          ---           ---                4                  5                 
SClock_1                  Unassigned  Unassigned  ---       ---       LVCMOS33   Output                          TRISTATE                        None                                No                                  ---              ---            ---             ---             ---          ---           ---                4                  5                 
SClock_4                  Unassigned  Unassigned  ---       ---       LVCMOS33   Output                          TRISTATE                        None                                No                                  ---              ---            ---             ---             ---          ---           ---                4                  5                 
SClock_5                  Unassigned  Unassigned  ---       ---       LVCMOS33   Output                          TRISTATE                        None                                No                                  ---              ---            ---             ---             ---          ---           ---                4                  5                 
SYNC_bar_0                Unassigned  Unassigned  ---       ---       LVCMOS33   Output                          TRISTATE                        None                                No                                  ---              ---            ---             ---             ---          ---           ---                4                  5                 
SYNC_bar_1                Unassigned  Unassigned  ---       ---       LVCMOS33   Output                          TRISTATE                        None                                No                                  ---              ---            ---             ---             ---          ---           ---                4                  5                 
SYNC_bar_3                Unassigned  Unassigned  ---       ---       LVCMOS33   Output                          TRISTATE                        None                                No                                  ---              ---            ---             ---             ---          ---           ---                4                  5                 
SYNC_bar_6                Unassigned  Unassigned  ---       ---       LVCMOS33   Output                          TRISTATE                        None                                No                                  ---              ---            ---             ---             ---          ---           ---                4                  5                 
